
===========================================================================
report_checks -unconstrained
===========================================================================
======================= nom_fast_1p32V_m40C Corner ===================================

Startpoint: _267_ (rising edge-triggered flip-flop clocked by freq_in)
Endpoint: _267_ (rising edge-triggered flip-flop clocked by freq_in)
Path Group: freq_in
Path Type: max

Fanout         Cap        Slew       Delay        Time   Description
---------------------------------------------------------------------------------------------
                                  0.000000    0.000000   clock freq_in (rise edge)
                                  0.000000    0.000000   clock source latency
     1    0.005693    0.000000    0.000000    0.000000 ^ freq_in (in)
                                                         freq_in (net)
                      0.000469    0.000235    0.000235 ^ _267_/CLK (sg13g2_dfrbpq_1)
     2    0.007559    0.022123    0.109851    0.110085 v _267_/Q (sg13g2_dfrbpq_1)
                                                         uut.div4.dff1.q (net)
                      0.022151    0.000481    0.110567 v _214_/A (sg13g2_inv_1)
     1    0.003053    0.015152    0.019560    0.130127 ^ _214_/Y (sg13g2_inv_1)
                                                         uut.div4.dff1.d (net)
                      0.015152    0.000171    0.130298 ^ _267_/D (sg13g2_dfrbpq_1)
                                              0.130298   data arrival time

                                  0.333000    0.333000   clock freq_in (rise edge)
                                  0.000000    0.333000   clock source latency
     1    0.005693    0.000000    0.000000    0.333000 ^ freq_in (in)
                                                         freq_in (net)
                      0.000469    0.000235    0.333235 ^ _267_/CLK (sg13g2_dfrbpq_1)
                                  0.000000    0.333235   clock reconvergence pessimism
                                 -0.076984    0.256251   library setup time
                                              0.256251   data required time
---------------------------------------------------------------------------------------------
                                              0.256251   data required time
                                             -0.130298   data arrival time
---------------------------------------------------------------------------------------------
                                              0.125953   slack (MET)


Startpoint: _243_ (rising edge-triggered flip-flop clocked by sclk)
Endpoint: _243_ (rising edge-triggered flip-flop clocked by sclk)
Path Group: sclk
Path Type: max

Fanout         Cap        Slew       Delay        Time   Description
---------------------------------------------------------------------------------------------
                                  0.000000    0.000000   clock sclk (rise edge)
                                  0.000000    0.000000   clock source latency
     1    0.020594    0.000000    0.000000    0.000000 ^ sclk (in)
                                                         sclk (net)
                      0.002496    0.001248    0.001248 ^ clkbuf_0_sclk/A (sg13g2_buf_16)
     2    0.040772    0.015564    0.040004    0.041252 ^ clkbuf_0_sclk/X (sg13g2_buf_16)
                                                         clknet_0_sclk (net)
                      0.015584    0.000976    0.042228 ^ clkbuf_1_0__f_sclk/A (sg13g2_buf_16)
     5    0.019358    0.013046    0.042301    0.084529 ^ clkbuf_1_0__f_sclk/X (sg13g2_buf_16)
                                                         clknet_1_0__leaf_sclk (net)
                      0.013051    0.000524    0.085053 ^ _243_/CLK (sg13g2_dfrbpq_1)
     4    0.024620    0.067914    0.147538    0.232591 ^ _243_/Q (sg13g2_dfrbpq_1)
                                                         data_word[1] (net)
                      0.067925    0.000879    0.233470 ^ _124_/A0 (sg13g2_mux2_1)
     1    0.002438    0.021581    0.071184    0.304654 ^ _124_/X (sg13g2_mux2_1)
                                                         _037_ (net)
                      0.021581    0.000170    0.304824 ^ _243_/D (sg13g2_dfrbpq_1)
                                              0.304824   data arrival time

                                 10.000000   10.000000   clock sclk (rise edge)
                                  0.000000   10.000000   clock source latency
     1    0.020594    0.000000    0.000000   10.000000 ^ sclk (in)
                                                         sclk (net)
                      0.002496    0.001248   10.001248 ^ clkbuf_0_sclk/A (sg13g2_buf_16)
     2    0.040772    0.015564    0.040004   10.041252 ^ clkbuf_0_sclk/X (sg13g2_buf_16)
                                                         clknet_0_sclk (net)
                      0.015584    0.000976   10.042228 ^ clkbuf_1_0__f_sclk/A (sg13g2_buf_16)
     5    0.019358    0.013046    0.042301   10.084529 ^ clkbuf_1_0__f_sclk/X (sg13g2_buf_16)
                                                         clknet_1_0__leaf_sclk (net)
                      0.013051    0.000524   10.085053 ^ _243_/CLK (sg13g2_dfrbpq_1)
                                  0.000000   10.085053   clock reconvergence pessimism
                                 -0.077147   10.007906   library setup time
                                             10.007906   data required time
---------------------------------------------------------------------------------------------
                                             10.007906   data required time
                                             -0.304824   data arrival time
---------------------------------------------------------------------------------------------
                                              9.703082   slack (MET)




===========================================================================
report_checks --slack_max -0.01
============================================================================
======================= nom_fast_1p32V_m40C Corner ===================================

No paths found.


===========================================================================
 report_check_types -max_slew -max_cap -max_fanout -violators
============================================================================
======================= nom_fast_1p32V_m40C Corner ===================================

max fanout

Pin                                   Limit Fanout  Slack
---------------------------------------------------------
input1/X                                  8      9        (VIOLATED)



===========================================================================
report_parasitic_annotation -report_unannotated
============================================================================
Found 1 unannotated drivers.
 clkload0/Y
Found 0 partially unannotated drivers.

===========================================================================
max slew violation count 0
max fanout violation count 1
max cap violation count 0
============================================================================

===========================================================================
check_setup -verbose -unconstrained_endpoints -multiple_clock -no_clock -no_input_delay -loops -generated_clocks
===========================================================================
Warning: There are 3 input ports missing set_input_delay.
  en
  rst
  sdata
Warning: There are 17 unclocked register/latch pins.
  _251_/CLK
  _252_/CLK
  _253_/CLK
  _254_/CLK
  _255_/CLK
  _256_/CLK
  _257_/CLK
  _258_/CLK
  _259_/CLK
  _260_/CLK
  _261_/CLK
  _262_/CLK
  _263_/CLK
  _264_/CLK
  _265_/CLK
  _266_/CLK
  _268_/CLK
Warning: There are 18 unconstrained endpoints.
  freq_out
  _251_/D
  _252_/D
  _253_/D
  _254_/D
  _255_/D
  _256_/D
  _257_/D
  _258_/D
  _259_/D
  _260_/D
  _261_/D
  _262_/D
  _263_/D
  _264_/D
  _265_/D
  _266_/D
  _268_/D
