
===========================================================================
report_checks -path_delay max (Setup)
============================================================================
======================= nom_fast_1p32V_m40C Corner ===================================

Startpoint: _267_ (rising edge-triggered flip-flop clocked by freq_in)
Endpoint: _267_ (rising edge-triggered flip-flop clocked by freq_in)
Path Group: freq_in
Path Type: max

Fanout         Cap        Slew       Delay        Time   Description
---------------------------------------------------------------------------------------------
                      0.000000    0.000000    0.000000   clock freq_in (rise edge)
                                  0.000000    0.000000   clock network delay (ideal)
                      0.000000    0.000000    0.000000 ^ _267_/CLK (sg13g2_dfrbpq_1)
     2    0.005778    0.019424    0.106968    0.106968 v _267_/Q (sg13g2_dfrbpq_1)
                                                         uut.div4.dff1.q (net)
                      0.019424    0.000000    0.106968 v _214_/A (sg13g2_inv_1)
     1    0.001496    0.011238    0.016146    0.123113 ^ _214_/Y (sg13g2_inv_1)
                                                         uut.div4.dff1.d (net)
                      0.011238    0.000000    0.123113 ^ _267_/D (sg13g2_dfrbpq_1)
                                              0.123113   data arrival time

                      0.000000    0.333000    0.333000   clock freq_in (rise edge)
                                  0.000000    0.333000   clock network delay (ideal)
                                  0.000000    0.333000   clock reconvergence pessimism
                                              0.333000 ^ _267_/CLK (sg13g2_dfrbpq_1)
                                 -0.076080    0.256920   library setup time
                                              0.256920   data required time
---------------------------------------------------------------------------------------------
                                              0.256920   data required time
                                             -0.123113   data arrival time
---------------------------------------------------------------------------------------------
                                              0.133806   slack (MET)


Startpoint: _245_ (rising edge-triggered flip-flop clocked by sclk)
Endpoint: _245_ (rising edge-triggered flip-flop clocked by sclk)
Path Group: sclk
Path Type: max

Fanout         Cap        Slew       Delay        Time   Description
---------------------------------------------------------------------------------------------
                      0.000000    0.000000    0.000000   clock sclk (rise edge)
                                  0.000000    0.000000   clock network delay (ideal)
                      0.000000    0.000000    0.000000 ^ _245_/CLK (sg13g2_dfrbpq_1)
     4    0.015275    0.038040    0.122665    0.122665 v _245_/Q (sg13g2_dfrbpq_1)
                                                         data_word[3] (net)
                      0.038040    0.000000    0.122665 v _122_/A0 (sg13g2_mux2_1)
     1    0.001523    0.020833    0.072277    0.194942 v _122_/X (sg13g2_mux2_1)
                                                         _039_ (net)
                      0.020833    0.000000    0.194942 v _245_/D (sg13g2_dfrbpq_1)
                                              0.194942   data arrival time

                      0.000000   10.000000   10.000000   clock sclk (rise edge)
                                  0.000000   10.000000   clock network delay (ideal)
                                  0.000000   10.000000   clock reconvergence pessimism
                                             10.000000 ^ _245_/CLK (sg13g2_dfrbpq_1)
                                 -0.072546    9.927455   library setup time
                                              9.927455   data required time
---------------------------------------------------------------------------------------------
                                              9.927455   data required time
                                             -0.194942   data arrival time
---------------------------------------------------------------------------------------------
                                              9.732512   slack (MET)


Startpoint: _246_ (rising edge-triggered flip-flop clocked by sclk)
Endpoint: _246_ (rising edge-triggered flip-flop clocked by sclk)
Path Group: sclk
Path Type: max

Fanout         Cap        Slew       Delay        Time   Description
---------------------------------------------------------------------------------------------
                      0.000000    0.000000    0.000000   clock sclk (rise edge)
                                  0.000000    0.000000   clock network delay (ideal)
                      0.000000    0.000000    0.000000 ^ _246_/CLK (sg13g2_dfrbpq_1)
     4    0.015275    0.038040    0.122665    0.122665 v _246_/Q (sg13g2_dfrbpq_1)
                                                         data_word[4] (net)
                      0.038040    0.000000    0.122665 v _121_/A0 (sg13g2_mux2_1)
     1    0.001523    0.020854    0.072277    0.194942 v _121_/X (sg13g2_mux2_1)
                                                         _040_ (net)
                      0.020854    0.000000    0.194942 v _246_/D (sg13g2_dfrbpq_1)
                                              0.194942   data arrival time

                      0.000000   10.000000   10.000000   clock sclk (rise edge)
                                  0.000000   10.000000   clock network delay (ideal)
                                  0.000000   10.000000   clock reconvergence pessimism
                                             10.000000 ^ _246_/CLK (sg13g2_dfrbpq_1)
                                 -0.072551    9.927448   library setup time
                                              9.927448   data required time
---------------------------------------------------------------------------------------------
                                              9.927448   data required time
                                             -0.194942   data arrival time
---------------------------------------------------------------------------------------------
                                              9.732507   slack (MET)


Startpoint: _247_ (rising edge-triggered flip-flop clocked by sclk)
Endpoint: _247_ (rising edge-triggered flip-flop clocked by sclk)
Path Group: sclk
Path Type: max

Fanout         Cap        Slew       Delay        Time   Description
---------------------------------------------------------------------------------------------
                      0.000000    0.000000    0.000000   clock sclk (rise edge)
                                  0.000000    0.000000   clock network delay (ideal)
                      0.000000    0.000000    0.000000 ^ _247_/CLK (sg13g2_dfrbpq_1)
     4    0.015275    0.038040    0.122665    0.122665 v _247_/Q (sg13g2_dfrbpq_1)
                                                         data_word[5] (net)
                      0.038040    0.000000    0.122665 v _120_/A0 (sg13g2_mux2_1)
     1    0.001523    0.020854    0.072277    0.194942 v _120_/X (sg13g2_mux2_1)
                                                         _041_ (net)
                      0.020854    0.000000    0.194942 v _247_/D (sg13g2_dfrbpq_1)
                                              0.194942   data arrival time

                      0.000000   10.000000   10.000000   clock sclk (rise edge)
                                  0.000000   10.000000   clock network delay (ideal)
                                  0.000000   10.000000   clock reconvergence pessimism
                                             10.000000 ^ _247_/CLK (sg13g2_dfrbpq_1)
                                 -0.072551    9.927448   library setup time
                                              9.927448   data required time
---------------------------------------------------------------------------------------------
                                              9.927448   data required time
                                             -0.194942   data arrival time
---------------------------------------------------------------------------------------------
                                              9.732507   slack (MET)


Startpoint: _248_ (rising edge-triggered flip-flop clocked by sclk)
Endpoint: _248_ (rising edge-triggered flip-flop clocked by sclk)
Path Group: sclk
Path Type: max

Fanout         Cap        Slew       Delay        Time   Description
---------------------------------------------------------------------------------------------
                      0.000000    0.000000    0.000000   clock sclk (rise edge)
                                  0.000000    0.000000   clock network delay (ideal)
                      0.000000    0.000000    0.000000 ^ _248_/CLK (sg13g2_dfrbpq_1)
     4    0.015275    0.038040    0.122665    0.122665 v _248_/Q (sg13g2_dfrbpq_1)
                                                         data_word[6] (net)
                      0.038040    0.000000    0.122665 v _119_/A0 (sg13g2_mux2_1)
     1    0.001523    0.020854    0.072277    0.194942 v _119_/X (sg13g2_mux2_1)
                                                         _042_ (net)
                      0.020854    0.000000    0.194942 v _248_/D (sg13g2_dfrbpq_1)
                                              0.194942   data arrival time

                      0.000000   10.000000   10.000000   clock sclk (rise edge)
                                  0.000000   10.000000   clock network delay (ideal)
                                  0.000000   10.000000   clock reconvergence pessimism
                                             10.000000 ^ _248_/CLK (sg13g2_dfrbpq_1)
                                 -0.072551    9.927448   library setup time
                                              9.927448   data required time
---------------------------------------------------------------------------------------------
                                              9.927448   data required time
                                             -0.194942   data arrival time
---------------------------------------------------------------------------------------------
                                              9.732507   slack (MET)


Startpoint: _242_ (rising edge-triggered flip-flop clocked by sclk)
Endpoint: _243_ (rising edge-triggered flip-flop clocked by sclk)
Path Group: sclk
Path Type: max

Fanout         Cap        Slew       Delay        Time   Description
---------------------------------------------------------------------------------------------
                      0.000000    0.000000    0.000000   clock sclk (rise edge)
                                  0.000000    0.000000   clock network delay (ideal)
                      0.000000    0.000000    0.000000 ^ _242_/CLK (sg13g2_dfrbpq_1)
     4    0.015709    0.047604    0.126610    0.126610 ^ _242_/Q (sg13g2_dfrbpq_1)
                                                         data_word[0] (net)
                      0.047604    0.000000    0.126610 ^ _124_/A1 (sg13g2_mux2_1)
     1    0.001496    0.019147    0.062752    0.189363 ^ _124_/X (sg13g2_mux2_1)
                                                         _037_ (net)
                      0.019147    0.000000    0.189363 ^ _243_/D (sg13g2_dfrbpq_1)
                                              0.189363   data arrival time

                      0.000000   10.000000   10.000000   clock sclk (rise edge)
                                  0.000000   10.000000   clock network delay (ideal)
                                  0.000000   10.000000   clock reconvergence pessimism
                                             10.000000 ^ _243_/CLK (sg13g2_dfrbpq_1)
                                 -0.078012    9.921988   library setup time
                                              9.921988   data required time
---------------------------------------------------------------------------------------------
                                              9.921988   data required time
                                             -0.189363   data arrival time
---------------------------------------------------------------------------------------------
                                              9.732627   slack (MET)


Startpoint: _242_ (rising edge-triggered flip-flop clocked by sclk)
Endpoint: _242_ (rising edge-triggered flip-flop clocked by sclk)
Path Group: sclk
Path Type: max

Fanout         Cap        Slew       Delay        Time   Description
---------------------------------------------------------------------------------------------
                      0.000000    0.000000    0.000000   clock sclk (rise edge)
                                  0.000000    0.000000   clock network delay (ideal)
                      0.000000    0.000000    0.000000 ^ _242_/CLK (sg13g2_dfrbpq_1)
     4    0.015211    0.037915    0.122559    0.122559 v _242_/Q (sg13g2_dfrbpq_1)
                                                         data_word[0] (net)
                      0.037915    0.000000    0.122559 v _125_/A0 (sg13g2_mux2_1)
     1    0.001523    0.020753    0.072235    0.194794 v _125_/X (sg13g2_mux2_1)
                                                         _036_ (net)
                      0.020753    0.000000    0.194794 v _242_/D (sg13g2_dfrbpq_1)
                                              0.194794   data arrival time

                      0.000000   10.000000   10.000000   clock sclk (rise edge)
                                  0.000000   10.000000   clock network delay (ideal)
                                  0.000000   10.000000   clock reconvergence pessimism
                                             10.000000 ^ _242_/CLK (sg13g2_dfrbpq_1)
                                 -0.072524    9.927476   library setup time
                                              9.927476   data required time
---------------------------------------------------------------------------------------------
                                              9.927476   data required time
                                             -0.194794   data arrival time
---------------------------------------------------------------------------------------------
                                              9.732681   slack (MET)


Startpoint: _248_ (rising edge-triggered flip-flop clocked by sclk)
Endpoint: _249_ (rising edge-triggered flip-flop clocked by sclk)
Path Group: sclk
Path Type: max

Fanout         Cap        Slew       Delay        Time   Description
---------------------------------------------------------------------------------------------
                      0.000000    0.000000    0.000000   clock sclk (rise edge)
                                  0.000000    0.000000   clock network delay (ideal)
                      0.000000    0.000000    0.000000 ^ _248_/CLK (sg13g2_dfrbpq_1)
     4    0.015275    0.038040    0.122665    0.122665 v _248_/Q (sg13g2_dfrbpq_1)
                                                         data_word[6] (net)
                      0.038040    0.000000    0.122665 v _118_/A1 (sg13g2_mux2_1)
     1    0.001523    0.020854    0.072103    0.194768 v _118_/X (sg13g2_mux2_1)
                                                         _043_ (net)
                      0.020854    0.000000    0.194768 v _249_/D (sg13g2_dfrbpq_1)
                                              0.194768   data arrival time

                      0.000000   10.000000   10.000000   clock sclk (rise edge)
                                  0.000000   10.000000   clock network delay (ideal)
                                  0.000000   10.000000   clock reconvergence pessimism
                                             10.000000 ^ _249_/CLK (sg13g2_dfrbpq_1)
                                 -0.072551    9.927448   library setup time
                                              9.927448   data required time
---------------------------------------------------------------------------------------------
                                              9.927448   data required time
                                             -0.194768   data arrival time
---------------------------------------------------------------------------------------------
                                              9.732680   slack (MET)


Startpoint: _244_ (rising edge-triggered flip-flop clocked by sclk)
Endpoint: _244_ (rising edge-triggered flip-flop clocked by sclk)
Path Group: sclk
Path Type: max

Fanout         Cap        Slew       Delay        Time   Description
---------------------------------------------------------------------------------------------
                      0.000000    0.000000    0.000000   clock sclk (rise edge)
                                  0.000000    0.000000   clock network delay (ideal)
                      0.000000    0.000000    0.000000 ^ _244_/CLK (sg13g2_dfrbpq_1)
     4    0.014981    0.037463    0.122178    0.122178 v _244_/Q (sg13g2_dfrbpq_1)
                                                         data_word[2] (net)
                      0.037463    0.000000    0.122178 v _123_/A0 (sg13g2_mux2_1)
     1    0.001523    0.020833    0.072081    0.194259 v _123_/X (sg13g2_mux2_1)
                                                         _038_ (net)
                      0.020833    0.000000    0.194259 v _244_/D (sg13g2_dfrbpq_1)
                                              0.194259   data arrival time

                      0.000000   10.000000   10.000000   clock sclk (rise edge)
                                  0.000000   10.000000   clock network delay (ideal)
                                  0.000000   10.000000   clock reconvergence pessimism
                                             10.000000 ^ _244_/CLK (sg13g2_dfrbpq_1)
                                 -0.072546    9.927455   library setup time
                                              9.927455   data required time
---------------------------------------------------------------------------------------------
                                              9.927455   data required time
                                             -0.194259   data arrival time
---------------------------------------------------------------------------------------------
                                              9.733195   slack (MET)


Startpoint: _249_ (rising edge-triggered flip-flop clocked by sclk)
Endpoint: _250_ (rising edge-triggered flip-flop clocked by sclk)
Path Group: sclk
Path Type: max

Fanout         Cap        Slew       Delay        Time   Description
---------------------------------------------------------------------------------------------
                      0.000000    0.000000    0.000000   clock sclk (rise edge)
                                  0.000000    0.000000   clock network delay (ideal)
                      0.000000    0.000000    0.000000 ^ _249_/CLK (sg13g2_dfrbpq_1)
     4    0.014536    0.036592    0.121444    0.121444 v _249_/Q (sg13g2_dfrbpq_1)
                                                         data_word[7] (net)
                      0.036592    0.000000    0.121444 v _117_/A1 (sg13g2_mux2_1)
     1    0.001523    0.020800    0.071609    0.193053 v _117_/X (sg13g2_mux2_1)
                                                         _044_ (net)
                      0.020800    0.000000    0.193053 v _250_/D (sg13g2_dfrbpq_1)
                                              0.193053   data arrival time

                      0.000000   10.000000   10.000000   clock sclk (rise edge)
                                  0.000000   10.000000   clock network delay (ideal)
                                  0.000000   10.000000   clock reconvergence pessimism
                                             10.000000 ^ _250_/CLK (sg13g2_dfrbpq_1)
                                 -0.072537    9.927464   library setup time
                                              9.927464   data required time
---------------------------------------------------------------------------------------------
                                              9.927464   data required time
                                             -0.193053   data arrival time
---------------------------------------------------------------------------------------------
                                              9.734411   slack (MET)



