
===========================================================================
 report_power
============================================================================
======================= nom_slow_1p08V_125C Corner ===================================

Group                    Internal    Switching      Leakage        Total
                            Power        Power        Power        Power (Watts)
------------------------------------------------------------------------
Sequential           2.718893e-04 9.242995e-06 6.541693e-08 2.811977e-04  55.4%
Combinational        8.772652e-05 9.614308e-05 7.576461e-08 1.839454e-04  36.2%
Clock                3.463136e-05 8.122717e-06 7.153278e-08 4.282561e-05   8.4%
Macro                0.000000e+00 0.000000e+00 0.000000e+00 0.000000e+00   0.0%
Pad                  0.000000e+00 0.000000e+00 0.000000e+00 0.000000e+00   0.0%
------------------------------------------------------------------------
Total                3.942472e-04 1.135088e-04 2.127142e-07 5.079687e-04 100.0%
                            77.6%        22.3%         0.0%

