Clock: sclk
Sources: sclk 
Generated: no
Virtual: yes
Propagated: no
Period: 10.000000

===========================================================================
report_clock_properties
============================================================================
Clock                   Period          Waveform
----------------------------------------------------
sclk                 10.000000    0.000000  5.000000

===========================================================================
report_clock_latency
============================================================================
Clock sclk
rise -> rise
    min     max
0.000000 0.000000 source latency
0.116480         network latency _248_/CLK
        0.116830 network latency _243_/CLK
---------------
0.116480 0.116830 latency
        0.000350 skew

fall -> fall
    min     max
0.000000 0.000000 source latency
0.129138         network latency _248_/CLK
        0.129398 network latency _243_/CLK
---------------
0.129138 0.129398 latency
        0.000260 skew



===========================================================================
report_clock_min_period
============================================================================
sclk period_min = 0.44 fmax = 2268.77
Clock: freq_in
Sources: freq_in 
Generated: no
Virtual: yes
Propagated: no
Period: 0.333000

===========================================================================
report_clock_properties
============================================================================
Clock                   Period          Waveform
----------------------------------------------------
freq_in               0.333000    0.000000  0.166500

===========================================================================
report_clock_latency
============================================================================
Clock freq_in
rise -> rise
    min     max
0.000000 0.000000 source latency
0.000092         network latency _267_/CLK
        0.165932 network latency _268_/CLK
---------------
0.000092 0.165932 latency
        0.165840 skew

rise -> fall
    min     max
0.000000 0.000000 source latency
0.159671         network latency _268_/CLK
        0.159671 network latency _268_/CLK
---------------
0.159671 0.159671 latency
        0.000000 skew

fall -> fall
    min     max
0.000000 0.000000 source latency
0.000083         network latency _267_/CLK
        0.000083 network latency _267_/CLK
---------------
0.000083 0.000083 latency
        0.000000 skew



===========================================================================
report_clock_min_period
============================================================================
freq_in period_min = 0.31 fmax = 3189.96
