
===========================================================================
 report_power
============================================================================
======================= nom_typ_1p20V_25C Corner ===================================

Group                    Internal    Switching      Leakage        Total
                            Power        Power        Power        Power (Watts)
------------------------------------------------------------------------
Sequential           3.366328e-04 1.124756e-05 1.376759e-08 3.478941e-04  55.0%
Combinational        1.104804e-04 1.188904e-04 1.732404e-08 2.293881e-04  36.3%
Clock                4.383567e-05 1.084483e-05 4.219166e-09 5.468472e-05   8.7%
Macro                0.000000e+00 0.000000e+00 0.000000e+00 0.000000e+00   0.0%
Pad                  0.000000e+00 0.000000e+00 0.000000e+00 0.000000e+00   0.0%
------------------------------------------------------------------------
Total                4.909488e-04 1.409828e-04 3.531081e-08 6.319669e-04 100.0%
                            77.7%        22.3%         0.0%
Writing metric power__internal__total: 0.0004909487906843424
Writing metric power__switching__total: 0.00014098279643803835
Writing metric power__leakage__total: 3.531080849938917e-8
Writing metric power__total: 0.0006319669191725552

