Clock: sclk
Sources: sclk 
Generated: no
Virtual: yes
Propagated: no
Period: 10.000000

===========================================================================
report_clock_properties
============================================================================
Clock                   Period          Waveform
----------------------------------------------------
sclk                 10.000000    0.000000  5.000000

===========================================================================
report_clock_latency
============================================================================
Clock sclk
rise -> rise
    min     max
0.000000 0.000000 source latency
0.000327         network latency _247_/CLK
        0.000634 network latency _244_/CLK
---------------
0.000327 0.000634 latency
        0.000306 skew

fall -> fall
    min     max
0.000000 0.000000 source latency
0.000290         network latency _247_/CLK
        0.000560 network latency _244_/CLK
---------------
0.000290 0.000560 latency
        0.000269 skew



===========================================================================
report_clock_min_period
============================================================================
sclk period_min = 0.44 fmax = 2296.85
Clock: freq_in
Sources: freq_in 
Generated: no
Virtual: yes
Propagated: no
Period: 0.333000

===========================================================================
report_clock_properties
============================================================================
Clock                   Period          Waveform
----------------------------------------------------
freq_in               0.333000    0.000000  0.166500

===========================================================================
report_clock_latency
============================================================================
Clock freq_in
rise -> rise
    min     max
0.000000 0.000000 source latency
0.000099         network latency _267_/CLK
        0.164483 network latency _268_/CLK
---------------
0.000099 0.164483 latency
        0.164384 skew

rise -> fall
    min     max
0.000000 0.000000 source latency
0.158455         network latency _268_/CLK
        0.158455 network latency _268_/CLK
---------------
0.158455 0.158455 latency
        0.000000 skew

fall -> fall
    min     max
0.000000 0.000000 source latency
0.000090         network latency _267_/CLK
        0.000090 network latency _267_/CLK
---------------
0.000090 0.000090 latency
        0.000000 skew



===========================================================================
report_clock_min_period
============================================================================
freq_in period_min = 0.31 fmax = 3241.51
