
===========================================================================
report_checks -path_delay max (Setup)
============================================================================
======================= nom_typ_1p20V_25C Corner ===================================

Startpoint: _267_ (rising edge-triggered flip-flop clocked by freq_in)
Endpoint: _267_ (rising edge-triggered flip-flop clocked by freq_in)
Path Group: freq_in
Path Type: max

Fanout         Cap        Slew       Delay        Time   Description
---------------------------------------------------------------------------------------------
                                  0.000000    0.000000   clock freq_in (rise edge)
                                  0.000000    0.000000   clock source latency
     1    0.006220    0.000000    0.000000    0.000000 ^ freq_in (in)
                                                         freq_in (net)
                      0.000199    0.000099    0.000099 ^ _267_/CLK (sg13g2_dfrbpq_1)
     2    0.006821    0.038096    0.164350    0.164449 ^ _267_/Q (sg13g2_dfrbpq_1)
                                                         uut.div4.dff1.q (net)
                      0.038096    0.000042    0.164491 ^ _214_/A (sg13g2_inv_1)
     1    0.002043    0.016776    0.027565    0.192056 v _214_/Y (sg13g2_inv_1)
                                                         uut.div4.dff1.d (net)
                      0.016776    0.000016    0.192072 v _267_/D (sg13g2_dfrbpq_1)
                                              0.192072   data arrival time

                                  0.333000    0.333000   clock freq_in (rise edge)
                                  0.000000    0.333000   clock source latency
     1    0.006220    0.000000    0.000000    0.333000 ^ freq_in (in)
                                                         freq_in (net)
                      0.000199    0.000099    0.333099 ^ _267_/CLK (sg13g2_dfrbpq_1)
                                  0.000000    0.333099   clock reconvergence pessimism
                                 -0.116525    0.216574   library setup time
                                              0.216574   data required time
---------------------------------------------------------------------------------------------
                                              0.216574   data required time
                                             -0.192072   data arrival time
---------------------------------------------------------------------------------------------
                                              0.024502   slack (MET)


Startpoint: _244_ (rising edge-triggered flip-flop clocked by sclk)
Endpoint: _245_ (rising edge-triggered flip-flop clocked by sclk)
Path Group: sclk
Path Type: max

Fanout         Cap        Slew       Delay        Time   Description
---------------------------------------------------------------------------------------------
                                  0.000000    0.000000   clock sclk (rise edge)
                                  0.000000    0.000000   clock source latency
     9    0.035492    0.000000    0.000000    0.000000 ^ sclk (in)
                                                         sclk (net)
                      0.001268    0.000634    0.000634 ^ _244_/CLK (sg13g2_dfrbpq_1)
     4    0.019869    0.068664    0.191911    0.192545 v _244_/Q (sg13g2_dfrbpq_1)
                                                         data_word[2] (net)
                      0.068664    0.000199    0.192744 v _122_/A1 (sg13g2_mux2_1)
     1    0.002025    0.033452    0.120778    0.313522 v _122_/X (sg13g2_mux2_1)
                                                         _039_ (net)
                      0.033452    0.000016    0.313538 v _245_/D (sg13g2_dfrbpq_1)
                                              0.313538   data arrival time

                                 10.000000   10.000000   clock sclk (rise edge)
                                  0.000000   10.000000   clock source latency
     9    0.035492    0.000000    0.000000   10.000000 ^ sclk (in)
                                                         sclk (net)
                      0.000975    0.000488   10.000488 ^ _245_/CLK (sg13g2_dfrbpq_1)
                                  0.000000   10.000488   clock reconvergence pessimism
                                 -0.122329    9.878159   library setup time
                                              9.878159   data required time
---------------------------------------------------------------------------------------------
                                              9.878159   data required time
                                             -0.313538   data arrival time
---------------------------------------------------------------------------------------------
                                              9.564621   slack (MET)


Startpoint: _244_ (rising edge-triggered flip-flop clocked by sclk)
Endpoint: _244_ (rising edge-triggered flip-flop clocked by sclk)
Path Group: sclk
Path Type: max

Fanout         Cap        Slew       Delay        Time   Description
---------------------------------------------------------------------------------------------
                                  0.000000    0.000000   clock sclk (rise edge)
                                  0.000000    0.000000   clock source latency
     9    0.035492    0.000000    0.000000    0.000000 ^ sclk (in)
                                                         sclk (net)
                      0.001268    0.000634    0.000634 ^ _244_/CLK (sg13g2_dfrbpq_1)
     4    0.020179    0.089210    0.203554    0.204188 ^ _244_/Q (sg13g2_dfrbpq_1)
                                                         data_word[2] (net)
                      0.089210    0.000147    0.204335 ^ _123_/A0 (sg13g2_mux2_1)
     1    0.001468    0.028743    0.110863    0.315198 ^ _123_/X (sg13g2_mux2_1)
                                                         _038_ (net)
                      0.028743    0.000007    0.315204 ^ _244_/D (sg13g2_dfrbpq_1)
                                              0.315204   data arrival time

                                 10.000000   10.000000   clock sclk (rise edge)
                                  0.000000   10.000000   clock source latency
     9    0.035492    0.000000    0.000000   10.000000 ^ sclk (in)
                                                         sclk (net)
                      0.001268    0.000634   10.000634 ^ _244_/CLK (sg13g2_dfrbpq_1)
                                  0.000000   10.000634   clock reconvergence pessimism
                                 -0.118305    9.882329   library setup time
                                              9.882329   data required time
---------------------------------------------------------------------------------------------
                                              9.882329   data required time
                                             -0.315204   data arrival time
---------------------------------------------------------------------------------------------
                                              9.567125   slack (MET)


Startpoint: _248_ (rising edge-triggered flip-flop clocked by sclk)
Endpoint: _249_ (rising edge-triggered flip-flop clocked by sclk)
Path Group: sclk
Path Type: max

Fanout         Cap        Slew       Delay        Time   Description
---------------------------------------------------------------------------------------------
                                  0.000000    0.000000   clock sclk (rise edge)
                                  0.000000    0.000000   clock source latency
     9    0.035492    0.000000    0.000000    0.000000 ^ sclk (in)
                                                         sclk (net)
                      0.000756    0.000378    0.000378 ^ _248_/CLK (sg13g2_dfrbpq_1)
     4    0.018259    0.063787    0.187830    0.188208 v _248_/Q (sg13g2_dfrbpq_1)
                                                         data_word[6] (net)
                      0.063787    0.000147    0.188355 v _118_/A1 (sg13g2_mux2_1)
     1    0.002139    0.033627    0.119175    0.307529 v _118_/X (sg13g2_mux2_1)
                                                         _043_ (net)
                      0.033627    0.000018    0.307547 v _249_/D (sg13g2_dfrbpq_1)
                                              0.307547   data arrival time

                                 10.000000   10.000000   clock sclk (rise edge)
                                  0.000000   10.000000   clock source latency
     9    0.035492    0.000000    0.000000   10.000000 ^ sclk (in)
                                                         sclk (net)
                      0.000929    0.000465   10.000464 ^ _249_/CLK (sg13g2_dfrbpq_1)
                                  0.000000   10.000464   clock reconvergence pessimism
                                 -0.122404    9.878061   library setup time
                                              9.878061   data required time
---------------------------------------------------------------------------------------------
                                              9.878061   data required time
                                             -0.307547   data arrival time
---------------------------------------------------------------------------------------------
                                              9.570515   slack (MET)


Startpoint: _248_ (rising edge-triggered flip-flop clocked by sclk)
Endpoint: _248_ (rising edge-triggered flip-flop clocked by sclk)
Path Group: sclk
Path Type: max

Fanout         Cap        Slew       Delay        Time   Description
---------------------------------------------------------------------------------------------
                                  0.000000    0.000000   clock sclk (rise edge)
                                  0.000000    0.000000   clock source latency
     9    0.035492    0.000000    0.000000    0.000000 ^ sclk (in)
                                                         sclk (net)
                      0.000756    0.000378    0.000378 ^ _248_/CLK (sg13g2_dfrbpq_1)
     4    0.018259    0.063787    0.187830    0.188208 v _248_/Q (sg13g2_dfrbpq_1)
                                                         data_word[6] (net)
                      0.063787    0.000096    0.188304 v _119_/A0 (sg13g2_mux2_1)
     1    0.001966    0.033073    0.118727    0.307032 v _119_/X (sg13g2_mux2_1)
                                                         _042_ (net)
                      0.033073    0.000014    0.307046 v _248_/D (sg13g2_dfrbpq_1)
                                              0.307046   data arrival time

                                 10.000000   10.000000   clock sclk (rise edge)
                                  0.000000   10.000000   clock source latency
     9    0.035492    0.000000    0.000000   10.000000 ^ sclk (in)
                                                         sclk (net)
                      0.000756    0.000378   10.000379 ^ _248_/CLK (sg13g2_dfrbpq_1)
                                  0.000000   10.000379   clock reconvergence pessimism
                                 -0.122249    9.878130   library setup time
                                              9.878130   data required time
---------------------------------------------------------------------------------------------
                                              9.878130   data required time
                                             -0.307046   data arrival time
---------------------------------------------------------------------------------------------
                                              9.571084   slack (MET)


Startpoint: _243_ (rising edge-triggered flip-flop clocked by sclk)
Endpoint: _243_ (rising edge-triggered flip-flop clocked by sclk)
Path Group: sclk
Path Type: max

Fanout         Cap        Slew       Delay        Time   Description
---------------------------------------------------------------------------------------------
                                  0.000000    0.000000   clock sclk (rise edge)
                                  0.000000    0.000000   clock source latency
     9    0.035492    0.000000    0.000000    0.000000 ^ sclk (in)
                                                         sclk (net)
                      0.001250    0.000625    0.000625 ^ _243_/CLK (sg13g2_dfrbpq_1)
     4    0.017755    0.062308    0.186776    0.187401 v _243_/Q (sg13g2_dfrbpq_1)
                                                         data_word[1] (net)
                      0.062308    0.000094    0.187495 v _124_/A0 (sg13g2_mux2_1)
     1    0.001738    0.032485    0.117361    0.304856 v _124_/X (sg13g2_mux2_1)
                                                         _037_ (net)
                      0.032485    0.000010    0.304867 v _243_/D (sg13g2_dfrbpq_1)
                                              0.304867   data arrival time

                                 10.000000   10.000000   clock sclk (rise edge)
                                  0.000000   10.000000   clock source latency
     9    0.035492    0.000000    0.000000   10.000000 ^ sclk (in)
                                                         sclk (net)
                      0.001250    0.000625   10.000626 ^ _243_/CLK (sg13g2_dfrbpq_1)
                                  0.000000   10.000626   clock reconvergence pessimism
                                 -0.121911    9.878715   library setup time
                                              9.878715   data required time
---------------------------------------------------------------------------------------------
                                              9.878715   data required time
                                             -0.304867   data arrival time
---------------------------------------------------------------------------------------------
                                              9.573848   slack (MET)


Startpoint: _245_ (rising edge-triggered flip-flop clocked by sclk)
Endpoint: _246_ (rising edge-triggered flip-flop clocked by sclk)
Path Group: sclk
Path Type: max

Fanout         Cap        Slew       Delay        Time   Description
---------------------------------------------------------------------------------------------
                                  0.000000    0.000000   clock sclk (rise edge)
                                  0.000000    0.000000   clock source latency
     9    0.035492    0.000000    0.000000    0.000000 ^ sclk (in)
                                                         sclk (net)
                      0.000975    0.000488    0.000488 ^ _245_/CLK (sg13g2_dfrbpq_1)
     4    0.017384    0.061179    0.185769    0.186257 v _245_/Q (sg13g2_dfrbpq_1)
                                                         data_word[3] (net)
                      0.061179    0.000099    0.186356 v _121_/A1 (sg13g2_mux2_1)
     1    0.001857    0.032849    0.117169    0.303525 v _121_/X (sg13g2_mux2_1)
                                                         _040_ (net)
                      0.032849    0.000013    0.303538 v _246_/D (sg13g2_dfrbpq_1)
                                              0.303538   data arrival time

                                 10.000000   10.000000   clock sclk (rise edge)
                                  0.000000   10.000000   clock source latency
     9    0.035492    0.000000    0.000000   10.000000 ^ sclk (in)
                                                         sclk (net)
                      0.000896    0.000448   10.000448 ^ _246_/CLK (sg13g2_dfrbpq_1)
                                  0.000000   10.000448   clock reconvergence pessimism
                                 -0.122132    9.878315   library setup time
                                              9.878315   data required time
---------------------------------------------------------------------------------------------
                                              9.878315   data required time
                                             -0.303538   data arrival time
---------------------------------------------------------------------------------------------
                                              9.574778   slack (MET)


Startpoint: _246_ (rising edge-triggered flip-flop clocked by sclk)
Endpoint: _247_ (rising edge-triggered flip-flop clocked by sclk)
Path Group: sclk
Path Type: max

Fanout         Cap        Slew       Delay        Time   Description
---------------------------------------------------------------------------------------------
                                  0.000000    0.000000   clock sclk (rise edge)
                                  0.000000    0.000000   clock source latency
     9    0.035492    0.000000    0.000000    0.000000 ^ sclk (in)
                                                         sclk (net)
                      0.000896    0.000448    0.000448 ^ _246_/CLK (sg13g2_dfrbpq_1)
     4    0.017002    0.060018    0.184833    0.185281 v _246_/Q (sg13g2_dfrbpq_1)
                                                         data_word[4] (net)
                      0.060018    0.000138    0.185419 v _120_/A1 (sg13g2_mux2_1)
     1    0.002085    0.033405    0.117463    0.302882 v _120_/X (sg13g2_mux2_1)
                                                         _041_ (net)
                      0.033405    0.000017    0.302899 v _247_/D (sg13g2_dfrbpq_1)
                                              0.302899   data arrival time

                                 10.000000   10.000000   clock sclk (rise edge)
                                  0.000000   10.000000   clock source latency
     9    0.035492    0.000000    0.000000   10.000000 ^ sclk (in)
                                                         sclk (net)
                      0.000655    0.000327   10.000327 ^ _247_/CLK (sg13g2_dfrbpq_1)
                                  0.000000   10.000327   clock reconvergence pessimism
                                 -0.122394    9.877934   library setup time
                                              9.877934   data required time
---------------------------------------------------------------------------------------------
                                              9.877934   data required time
                                             -0.302899   data arrival time
---------------------------------------------------------------------------------------------
                                              9.575034   slack (MET)


Startpoint: _242_ (rising edge-triggered flip-flop clocked by sclk)
Endpoint: _242_ (rising edge-triggered flip-flop clocked by sclk)
Path Group: sclk
Path Type: max

Fanout         Cap        Slew       Delay        Time   Description
---------------------------------------------------------------------------------------------
                                  0.000000    0.000000   clock sclk (rise edge)
                                  0.000000    0.000000   clock source latency
     9    0.035492    0.000000    0.000000    0.000000 ^ sclk (in)
                                                         sclk (net)
                      0.001264    0.000632    0.000632 ^ _242_/CLK (sg13g2_dfrbpq_1)
     4    0.016591    0.058794    0.183998    0.184630 v _242_/Q (sg13g2_dfrbpq_1)
                                                         data_word[0] (net)
                      0.058794    0.000115    0.184746 v _125_/A0 (sg13g2_mux2_1)
     1    0.001692    0.032217    0.115785    0.300530 v _125_/X (sg13g2_mux2_1)
                                                         _036_ (net)
                      0.032217    0.000010    0.300540 v _242_/D (sg13g2_dfrbpq_1)
                                              0.300540   data arrival time

                                 10.000000   10.000000   clock sclk (rise edge)
                                  0.000000   10.000000   clock source latency
     9    0.035492    0.000000    0.000000   10.000000 ^ sclk (in)
                                                         sclk (net)
                      0.001264    0.000631   10.000631 ^ _242_/CLK (sg13g2_dfrbpq_1)
                                  0.000000   10.000631   clock reconvergence pessimism
                                 -0.121811    9.878820   library setup time
                                              9.878820   data required time
---------------------------------------------------------------------------------------------
                                              9.878820   data required time
                                             -0.300540   data arrival time
---------------------------------------------------------------------------------------------
                                              9.578280   slack (MET)


Startpoint: _249_ (rising edge-triggered flip-flop clocked by sclk)
Endpoint: _250_ (rising edge-triggered flip-flop clocked by sclk)
Path Group: sclk
Path Type: max

Fanout         Cap        Slew       Delay        Time   Description
---------------------------------------------------------------------------------------------
                                  0.000000    0.000000   clock sclk (rise edge)
                                  0.000000    0.000000   clock source latency
     9    0.035492    0.000000    0.000000    0.000000 ^ sclk (in)
                                                         sclk (net)
                      0.000929    0.000464    0.000464 ^ _249_/CLK (sg13g2_dfrbpq_1)
     4    0.014873    0.053660    0.179655    0.180119 v _249_/Q (sg13g2_dfrbpq_1)
                                                         data_word[7] (net)
                      0.053660    0.000077    0.180197 v _117_/A1 (sg13g2_mux2_1)
     1    0.002005    0.033053    0.114606    0.294803 v _117_/X (sg13g2_mux2_1)
                                                         _044_ (net)
                      0.033053    0.000015    0.294818 v _250_/D (sg13g2_dfrbpq_1)
                                              0.294818   data arrival time

                                 10.000000   10.000000   clock sclk (rise edge)
                                  0.000000   10.000000   clock source latency
     9    0.035492    0.000000    0.000000   10.000000 ^ sclk (in)
                                                         sclk (net)
                      0.000936    0.000468   10.000468 ^ _250_/CLK (sg13g2_dfrbpq_1)
                                  0.000000   10.000468   clock reconvergence pessimism
                                 -0.122195    9.878273   library setup time
                                              9.878273   data required time
---------------------------------------------------------------------------------------------
                                              9.878273   data required time
                                             -0.294818   data arrival time
---------------------------------------------------------------------------------------------
                                              9.583454   slack (MET)



