
===========================================================================
 report_power
============================================================================
======================= nom_typ_1p20V_25C Corner ===================================

Group                    Internal    Switching      Leakage        Total
                            Power        Power        Power        Power (Watts)
------------------------------------------------------------------------
Sequential           3.377218e-04 1.089117e-05 1.376759e-08 3.486268e-04  66.7%
Combinational        9.964072e-05 7.441492e-05 1.610320e-08 1.740717e-04  33.3%
Clock                0.000000e+00 0.000000e+00 0.000000e+00 0.000000e+00   0.0%
Macro                0.000000e+00 0.000000e+00 0.000000e+00 0.000000e+00   0.0%
Pad                  0.000000e+00 0.000000e+00 0.000000e+00 0.000000e+00   0.0%
------------------------------------------------------------------------
Total                4.373626e-04 8.530609e-05 2.987080e-08 5.226985e-04 100.0%
                            83.7%        16.3%         0.0%
Writing metric power__internal__total: 0.0004373625561129302
Writing metric power__switching__total: 8.530609193257987e-5
Writing metric power__leakage__total: 2.987080094385419e-8
Writing metric power__total: 0.0005226985085755587

