
===========================================================================
 report_power
============================================================================
======================= nom_typ_1p20V_25C Corner ===================================

Group                    Internal    Switching      Leakage        Total
                            Power        Power        Power        Power (Watts)
------------------------------------------------------------------------
Sequential           3.365460e-04 1.200345e-05 1.376759e-08 3.485632e-04  54.6%
Combinational        1.105998e-04 1.245739e-04 1.732404e-08 2.351910e-04  36.8%
Clock                4.382255e-05 1.060635e-05 2.087438e-07 5.463764e-05   8.6%
Macro                0.000000e+00 0.000000e+00 0.000000e+00 0.000000e+00   0.0%
Pad                  0.000000e+00 0.000000e+00 0.000000e+00 0.000000e+00   0.0%
------------------------------------------------------------------------
Total                4.909683e-04 1.471837e-04 2.398351e-07 6.383918e-04 100.0%
                            76.9%        23.1%         0.0%

