Clock: sclk
Sources: sclk 
Generated: no
Virtual: yes
Propagated: no
Period: 10.000000

===========================================================================
report_clock_properties
============================================================================
Clock                   Period          Waveform
----------------------------------------------------
sclk                 10.000000    0.000000  5.000000

===========================================================================
report_clock_latency
============================================================================
Clock sclk
rise -> rise
    min     max
0.000000 0.000000 source latency
0.121046         network latency _248_/CLK
        0.122859 network latency _245_/CLK
---------------
0.121046 0.122859 latency
        0.001812 skew

fall -> fall
    min     max
0.000000 0.000000 source latency
0.133373         network latency _248_/CLK
        0.135001 network latency _245_/CLK
---------------
0.133373 0.135001 latency
        0.001628 skew



===========================================================================
report_clock_min_period
============================================================================
sclk period_min = 0.50 fmax = 2006.34
Clock: freq_in
Sources: freq_in 
Generated: no
Virtual: yes
Propagated: no
Period: 0.333000

===========================================================================
report_clock_properties
============================================================================
Clock                   Period          Waveform
----------------------------------------------------
freq_in               0.333000    0.000000  0.166500

===========================================================================
report_clock_latency
============================================================================
Clock freq_in
rise -> rise
    min     max
0.000000 0.000000 source latency
0.000284         network latency _267_/CLK
        0.172428 network latency _268_/CLK
---------------
0.000284 0.172428 latency
        0.172144 skew

rise -> fall
    min     max
0.000000 0.000000 source latency
0.165197         network latency _268_/CLK
        0.165197 network latency _268_/CLK
---------------
0.165197 0.165197 latency
        0.000000 skew

fall -> fall
    min     max
0.000000 0.000000 source latency
0.000261         network latency _267_/CLK
        0.000261 network latency _267_/CLK
---------------
0.000261 0.000261 latency
        0.000000 skew



===========================================================================
report_clock_min_period
============================================================================
freq_in period_min = 0.33 fmax = 3022.77
