
===========================================================================
 report_power
============================================================================
======================= nom_typ_1p20V_25C Corner ===================================

Group                    Internal    Switching      Leakage        Total
                            Power        Power        Power        Power (Watts)
------------------------------------------------------------------------
Sequential           3.361061e-04 1.530138e-05 1.376759e-08 3.514212e-04  51.7%
Combinational        1.113051e-04 1.594300e-04 1.732404e-08 2.707524e-04  39.8%
Clock                4.391677e-05 1.361784e-05 4.219166e-09 5.753884e-05   8.5%
Macro                0.000000e+00 0.000000e+00 0.000000e+00 0.000000e+00   0.0%
Pad                  0.000000e+00 0.000000e+00 0.000000e+00 0.000000e+00   0.0%
------------------------------------------------------------------------
Total                4.913280e-04 1.883493e-04 3.531081e-08 6.797126e-04 100.0%
                            72.3%        27.7%         0.0%
Writing metric power__internal__total: 0.0004913279553875327
Writing metric power__switching__total: 0.00018834928050637245
Writing metric power__leakage__total: 3.531080849938917e-8
Writing metric power__total: 0.0006797125679440796

