
===========================================================================
 report_power
============================================================================
======================= nom_slow_1p08V_125C Corner ===================================

Group                    Internal    Switching      Leakage        Total
                            Power        Power        Power        Power (Watts)
------------------------------------------------------------------------
Sequential           2.736462e-04 6.697459e-06 6.541693e-08 2.804091e-04  67.9%
Combinational        8.053403e-05 5.188104e-05 6.984131e-08 1.324849e-04  32.1%
Clock                0.000000e+00 0.000000e+00 0.000000e+00 0.000000e+00   0.0%
Macro                0.000000e+00 0.000000e+00 0.000000e+00 0.000000e+00   0.0%
Pad                  0.000000e+00 0.000000e+00 0.000000e+00 0.000000e+00   0.0%
------------------------------------------------------------------------
Total                3.541802e-04 5.857851e-05 1.352582e-07 4.128939e-04 100.0%
                            85.8%        14.2%         0.0%

